======================================================================
INTEGRATION TEST: Add Citizen Feature - Complete End-to-End Validation
======================================================================

[TEST 1] Utility Functions
----------------------------------------------------------------------
✅ Valid MCD Wards: ['Ward-1', 'Ward-2', 'Ward-3', 'Ward-4', 'Ward-5', 'Ward-6', 'Ward-7', 'Ward-8']
✅ Ward validation working correctly
✅ Phone validation: +919876543210 → 9876543210
✅ Phone masking: 9876543210 → XXXXXX3210
✅ Phone formatting: 9876543210 → +91-XXXXXX-3210

[TEST 2] Pydantic Model Validation
----------------------------------------------------------------------
✅ Valid citizen created: name='Test Citizen' contact_number='9876543210' ward='Ward-1'
✅ Empty name correctly rejected
✅ Single character correctly rejected
✅ No letters correctly rejected
✅ Invalid phone '123' correctly rejected
✅ Invalid phone 'abcdefghij' correctly rejected
✅ Invalid phone '99999999999' correctly rejected
✅ Invalid ward correctly rejected

[TEST 3] CitizenResponse with PII Masking
----------------------------------------------------------------------
Traceback (most recent call last):
  File "/Users/samrudhp/Projects-git/Nayam/test_add_citizen_integration.py", line 113, in <module>
    response = CitizenResponse(
  File "/Users/samrudhp/Projects-git/Nayam/app/schemas/citizen.py", line 110, in __init__
    super().__init__(**data)
  File "/Users/samrudhp/Projects-git/Nayam/venv/lib/python3.10/site-packages/pydantic/main.py", line 164, in __init__
    __pydantic_self__.__pydantic_validator__.validate_python(data, self_instance=__pydantic_self__)
pydantic_core._pydantic_core.ValidationError: 1 validation error for CitizenResponse
id
  Input should be a valid UUID, invalid character: expected an optional prefix of `urn:uuid:` followed by [0-9a-fA-F-], found `i` at 2 [type=uuid_parsing, input_value='citizen-001', input_type=str]
    For further information visit https://errors.pydantic.dev/2.5/v/uuid_parsing
